// Jest Snapshot v1, https://goo.gl/fbAQLP

exports[`Button snapshot should render correctly 1`] = `
<button
  className="editTaskButton"
  disabled={false}
  onClick={[MockFunction]}
  type="submit"
>
  Search Falcon
</button>
`;
