// Jest Snapshot v1, https://goo.gl/fbAQLP

exports[`Footer snapshot should render correctly 1`] = `
<div
  className="footer"
>
  <p>
    Footer
  </p>
</div>
`;
