// Jest Snapshot v1, https://goo.gl/fbAQLP

exports[`HomePage snapshot should render correctly 1`] = `
<div
  className="App"
>
  <header
    className="App-header"
  >
    <p>
      Edit
       
      <code>
        src/App.js
      </code>
       
      and save to reload.
    </p>
    <a
      className="App-link"
      href="https://reactjs.org"
      rel="noopener noreferrer"
      target="_blank"
    >
      Learn React
    </a>
  </header>
</div>
`;
